-- ccache will be used for faster recompilation
-- git rev-parse returned 'fatal: not a git repository (or any of the parent directories): .git'
-- Could not use 'git describe' to determine PROJECT_VER.
-- Building ESP-IDF components for target esp32s3
-- Project sdkconfig file C:/Users/kbutz/RTOS_ESP/main/sample/sample_project/sdkconfig
-- Compiler supported targets: xtensa-esp-elf
-- App "main" version: 1
-- Adding linker script C:/Users/kbutz/RTOS_ESP/main/sample/sample_project/build/esp-idf/esp_system/ld/memory.ld
-- Adding linker script C:/Users/kbutz/esp/v5.2.1/esp-idf/components/esp_system/ld/esp32s3/sections.ld.in
-- Adding linker script C:/Users/kbutz/esp/v5.2.1/esp-idf/components/esp_rom/esp32s3/ld/esp32s3.rom.ld
-- Adding linker script C:/Users/kbutz/esp/v5.2.1/esp-idf/components/esp_rom/esp32s3/ld/esp32s3.rom.api.ld
-- Adding linker script C:/Users/kbutz/esp/v5.2.1/esp-idf/components/esp_rom/esp32s3/ld/esp32s3.rom.libgcc.ld
-- Adding linker script C:/Users/kbutz/esp/v5.2.1/esp-idf/components/esp_rom/esp32s3/ld/esp32s3.rom.newlib.ld
-- Adding linker script C:/Users/kbutz/esp/v5.2.1/esp-idf/components/esp_rom/esp32s3/ld/esp32s3.rom.version.ld
-- Adding linker script C:/Users/kbutz/esp/v5.2.1/esp-idf/components/soc/esp32s3/ld/esp32s3.peripherals.ld
-- Components: app_trace app_update bootloader bootloader_support bt cmock console cxx driver efuse esp-tls esp_adc esp_app_format esp_bootloader_format esp_coex esp_common esp_eth esp_event esp_gdbstub esp_hid esp_http_client esp_http_server esp_https_ota esp_https_server esp_hw_support esp_lcd esp_local_ctrl esp_mm esp_netif esp_netif_stack esp_partition esp_phy esp_pm esp_psram esp_ringbuf esp_rom esp_system esp_timer esp_wifi espcoredump esptool_py fatfs freertos hal heap http_parser idf_test ieee802154 json log lwip main mbedtls mqtt newlib nvs_flash nvs_sec_provider openthread partition_table perfmon protobuf-c protocomm pthread sdmmc soc spi_flash spiffs tcp_transport touch_element ulp unity usb vfs wear_levelling wifi_provisioning wpa_supplicant xtensa
-- Component paths: C:/Users/kbutz/esp/v5.2.1/esp-idf/components/app_trace C:/Users/kbutz/esp/v5.2.1/esp-idf/components/app_update C:/Users/kbutz/esp/v5.2.1/esp-idf/components/bootloader C:/Users/kbutz/esp/v5.2.1/esp-idf/components/bootloader_support C:/Users/kbutz/esp/v5.2.1/esp-idf/components/bt C:/Users/kbutz/esp/v5.2.1/esp-idf/components/cmock C:/Users/kbutz/esp/v5.2.1/esp-idf/components/console C:/Users/kbutz/esp/v5.2.1/esp-idf/components/cxx C:/Users/kbutz/esp/v5.2.1/esp-idf/components/driver C:/Users/kbutz/esp/v5.2.1/esp-idf/components/efuse C:/Users/kbutz/esp/v5.2.1/esp-idf/components/esp-tls C:/Users/kbutz/esp/v5.2.1/esp-idf/components/esp_adc C:/Users/kbutz/esp/v5.2.1/esp-idf/components/esp_app_format C:/Users/kbutz/esp/v5.2.1/esp-idf/components/esp_bootloader_format C:/Users/kbutz/esp/v5.2.1/esp-idf/components/esp_coex C:/Users/kbutz/esp/v5.2.1/esp-idf/components/esp_common C:/Users/kbutz/esp/v5.2.1/esp-idf/components/esp_eth C:/Users/kbutz/esp/v5.2.1/esp-idf/components/esp_event C:/Users/kbutz/esp/v5.2.1/esp-idf/components/esp_gdbstub C:/Users/kbutz/esp/v5.2.1/esp-idf/components/esp_hid C:/Users/kbutz/esp/v5.2.1/esp-idf/components/esp_http_client C:/Users/kbutz/esp/v5.2.1/esp-idf/components/esp_http_server C:/Users/kbutz/esp/v5.2.1/esp-idf/components/esp_https_ota C:/Users/kbutz/esp/v5.2.1/esp-idf/components/esp_https_server C:/Users/kbutz/esp/v5.2.1/esp-idf/components/esp_hw_support C:/Users/kbutz/esp/v5.2.1/esp-idf/components/esp_lcd C:/Users/kbutz/esp/v5.2.1/esp-idf/components/esp_local_ctrl C:/Users/kbutz/esp/v5.2.1/esp-idf/components/esp_mm C:/Users/kbutz/esp/v5.2.1/esp-idf/components/esp_netif C:/Users/kbutz/esp/v5.2.1/esp-idf/components/esp_netif_stack C:/Users/kbutz/esp/v5.2.1/esp-idf/components/esp_partition C:/Users/kbutz/esp/v5.2.1/esp-idf/components/esp_phy C:/Users/kbutz/esp/v5.2.1/esp-idf/components/esp_pm C:/Users/kbutz/esp/v5.2.1/esp-idf/components/esp_psram C:/Users/kbutz/esp/v5.2.1/esp-idf/components/esp_ringbuf C:/Users/kbutz/esp/v5.2.1/esp-idf/components/esp_rom C:/Users/kbutz/esp/v5.2.1/esp-idf/components/esp_system C:/Users/kbutz/esp/v5.2.1/esp-idf/components/esp_timer C:/Users/kbutz/esp/v5.2.1/esp-idf/components/esp_wifi C:/Users/kbutz/esp/v5.2.1/esp-idf/components/espcoredump C:/Users/kbutz/esp/v5.2.1/esp-idf/components/esptool_py C:/Users/kbutz/esp/v5.2.1/esp-idf/components/fatfs C:/Users/kbutz/esp/v5.2.1/esp-idf/components/freertos C:/Users/kbutz/esp/v5.2.1/esp-idf/components/hal C:/Users/kbutz/esp/v5.2.1/esp-idf/components/heap C:/Users/kbutz/esp/v5.2.1/esp-idf/components/http_parser C:/Users/kbutz/esp/v5.2.1/esp-idf/components/idf_test C:/Users/kbutz/esp/v5.2.1/esp-idf/components/ieee802154 C:/Users/kbutz/esp/v5.2.1/esp-idf/components/json C:/Users/kbutz/esp/v5.2.1/esp-idf/components/log C:/Users/kbutz/esp/v5.2.1/esp-idf/components/lwip C:/Users/kbutz/RTOS_ESP/main/sample/sample_project/main C:/Users/kbutz/esp/v5.2.1/esp-idf/components/mbedtls C:/Users/kbutz/esp/v5.2.1/esp-idf/components/mqtt C:/Users/kbutz/esp/v5.2.1/esp-idf/components/newlib C:/Users/kbutz/esp/v5.2.1/esp-idf/components/nvs_flash C:/Users/kbutz/esp/v5.2.1/esp-idf/components/nvs_sec_provider C:/Users/kbutz/esp/v5.2.1/esp-idf/components/openthread C:/Users/kbutz/esp/v5.2.1/esp-idf/components/partition_table C:/Users/kbutz/esp/v5.2.1/esp-idf/components/perfmon C:/Users/kbutz/esp/v5.2.1/esp-idf/components/protobuf-c C:/Users/kbutz/esp/v5.2.1/esp-idf/components/protocomm C:/Users/kbutz/esp/v5.2.1/esp-idf/components/pthread C:/Users/kbutz/esp/v5.2.1/esp-idf/components/sdmmc C:/Users/kbutz/esp/v5.2.1/esp-idf/components/soc C:/Users/kbutz/esp/v5.2.1/esp-idf/components/spi_flash C:/Users/kbutz/esp/v5.2.1/esp-idf/components/spiffs C:/Users/kbutz/esp/v5.2.1/esp-idf/components/tcp_transport C:/Users/kbutz/esp/v5.2.1/esp-idf/components/touch_element C:/Users/kbutz/esp/v5.2.1/esp-idf/components/ulp C:/Users/kbutz/esp/v5.2.1/esp-idf/components/unity C:/Users/kbutz/esp/v5.2.1/esp-idf/components/usb C:/Users/kbutz/esp/v5.2.1/esp-idf/components/vfs C:/Users/kbutz/esp/v5.2.1/esp-idf/components/wear_levelling C:/Users/kbutz/esp/v5.2.1/esp-idf/components/wifi_provisioning C:/Users/kbutz/esp/v5.2.1/esp-idf/components/wpa_supplicant C:/Users/kbutz/esp/v5.2.1/esp-idf/components/xtensa
-- Configuring done
-- Generating done
-- Build files have been written to: C:/Users/kbutz/RTOS_ESP/main/sample/sample_project/build
[0/1] Re-running CMake...
[1/294] cmd.exe /C "cd /D C:\Users\kbutz\RTOS_ESP\main\sample\sample_project\build\esp-idf\main && C:\Espressif\python_env\idf5.2_py3.11_env\Scripts\python.exe C:/Users/kbutz/esp/v5.2.1/esp-idf/components/spiffs/spiffsgen.py 0x200000 C:/Users/kbutz/RTOS_ESP/main/sample/sample_project/partition C:/Users/kbutz/RTOS_ESP/main/sample/sample_project/build/storage.bin --page-size=1024 --obj-name-len=32 --meta-len=4 --use-magic --use-magic-len"
FAILED: esp-idf/main/CMakeFiles/spiffs_storage_bin C:/Users/kbutz/RTOS_ESP/main/sample/sample_project/build/esp-idf/main/CMakeFiles/spiffs_storage_bin 
cmd.exe /C "cd /D C:\Users\kbutz\RTOS_ESP\main\sample\sample_project\build\esp-idf\main && C:\Espressif\python_env\idf5.2_py3.11_env\Scripts\python.exe C:/Users/kbutz/esp/v5.2.1/esp-idf/components/spiffs/spiffsgen.py 0x200000 C:/Users/kbutz/RTOS_ESP/main/sample/sample_project/partition C:/Users/kbutz/RTOS_ESP/main/sample/sample_project/build/storage.bin --page-size=1024 --obj-name-len=32 --meta-len=4 --use-magic --use-magic-len"
Traceback (most recent call last):
  File "C:\Users\kbutz\esp\v5.2.1\esp-idf\components\spiffs\spiffsgen.py", line 434, in create_file
    block.update_obj(contents_chunk)
  File "C:\Users\kbutz\esp\v5.2.1\esp-idf\components\spiffs\spiffsgen.py", line 349, in update_obj
    raise SpiffsFullError()
SpiffsFullError

During handling of the above exception, another exception occurred:

Traceback (most recent call last):
  File "C:\Users\kbutz\esp\v5.2.1\esp-idf\components\spiffs\spiffsgen.py", line 438, in create_file
    raise SpiffsFullError
SpiffsFullError

During handling of the above exception, another exception occurred:

Traceback (most recent call last):
  File "C:\Users\kbutz\esp\v5.2.1\esp-idf\components\spiffs\spiffsgen.py", line 593, in <module>
    main()
  File "C:\Users\kbutz\esp\v5.2.1\esp-idf\components\spiffs\spiffsgen.py", line 585, in main
    spiffs.create_file('/' + os.path.relpath(full_path, args.base_dir).replace('\\', '/'), full_path)
  File "C:\Users\kbutz\esp\v5.2.1\esp-idf\components\spiffs\spiffsgen.py", line 449, in create_file
    block = self._create_block()
            ^^^^^^^^^^^^^^^^^^^^
  File "C:\Users\kbutz\esp\v5.2.1\esp-idf\components\spiffs\spiffsgen.py", line 398, in _create_block
    raise SpiffsFullError('the image size has been exceeded')
SpiffsFullError: the image size has been exceeded
[2/294] Linking C static library esp-idf\esp_http_client\libesp_http_client.a
[3/294] Generating ../../partition_table/partition-table.bin
Partition table binary generated. Contents:
*******************************************************************************
# ESP-IDF Partition Table
# Name, Type, SubType, Offset, Size, Flags
nvs,data,nvs,0x9000,24K,
phy_init,data,phy,0xf000,4K,
factory,app,factory,0x10000,1M,
storage,data,spiffs,0x110000,2M,
*******************************************************************************
ninja: build stopped: subcommand failed.
